INFO 2025-02-25 17:58:11,162 views 10708 5796 GET request received from user mkt
INFO 2025-02-25 20:42:49,286 views 2616 9396 GET request received from user mkt
INFO 2025-02-25 20:43:07,688 views 2616 10968 Received POST request from user mkt
INFO 2025-02-25 20:43:12,617 views 2616 10968 Received POST request from user mkt
INFO 2025-02-25 20:43:12,622 views 2616 10968 Form data is valid for user mkt
INFO 2025-02-25 20:43:12,788 views 2616 10968 Anomaly 6 saved successfully by user mkt
INFO 2025-02-25 20:43:15,566 views 2616 10968 SMS sent to 09223019712 for anomaly 6
DEBUG 2025-02-25 20:43:15,572 views 2616 10968 Attempting to create notification for user: 1285925475
DEBUG 2025-02-25 20:43:15,621 views 2616 10968 Notification created successfully for user: 1285925475
DEBUG 2025-02-25 20:43:15,627 views 2616 10968 Attempting to create notification for HSE manager: mkt
DEBUG 2025-02-25 20:43:15,671 views 2616 10968 Notification created successfully for HSE manager: mkt
INFO 2025-02-25 20:43:15,672 views 2616 10968 Returning success response for AJAX request by user mkt
INFO 2025-02-25 20:43:17,213 views 2616 10968 GET request received from user mkt
INFO 2025-02-25 21:11:03,050 views 16056 15280 GET request received from user mkt
INFO 2025-02-25 21:11:22,675 views 16056 9228 Received POST request from user mkt
INFO 2025-02-25 21:11:22,685 views 16056 9228 Form data is valid for user mkt
INFO 2025-02-25 21:11:22,762 views 16056 9228 Anomaly 7 saved successfully by user mkt
INFO 2025-02-25 21:11:25,432 views 16056 9228 SMS sent to 09223019712 for anomaly 7
DEBUG 2025-02-25 21:11:25,439 views 16056 9228 Attempting to create notification for user: 1285925475
DEBUG 2025-02-25 21:11:25,484 views 16056 9228 Notification created successfully for user: 1285925475
DEBUG 2025-02-25 21:11:25,486 views 16056 9228 Attempting to create notification for HSE manager: mkt
DEBUG 2025-02-25 21:11:25,571 views 16056 9228 Notification created successfully for HSE manager: mkt
INFO 2025-02-25 21:11:25,572 views 16056 9228 Returning success response for AJAX request by user mkt
INFO 2025-02-25 21:11:27,117 views 16056 9228 GET request received from user mkt
INFO 2025-02-25 21:11:59,260 views 16056 3344 GET request received from user mkt
INFO 2025-02-25 21:13:16,548 views 16056 14256 GET request received from user mkt
INFO 2025-02-25 22:31:41,631 views 15804 15456 GET request received from user mkt
INFO 2025-02-25 22:57:30,932 views 1916 15868 GET request received from user mkt
INFO 2025-02-25 22:57:49,594 views 1916 12472 Received POST request from user mkt
INFO 2025-02-25 22:57:49,607 views 1916 12472 Form data is valid for user mkt
INFO 2025-02-25 22:57:49,657 views 1916 12472 Anomaly 8 saved successfully by user mkt
INFO 2025-02-25 22:57:52,207 views 1916 12472 SMS sent to 09132970900 for anomaly 8
DEBUG 2025-02-25 22:57:52,214 views 1916 12472 Attempting to create notification for user: mkt
DEBUG 2025-02-25 22:57:52,225 views 1916 12472 Notification created successfully for user: mkt
DEBUG 2025-02-25 22:57:52,225 views 1916 12472 Attempting to create notification for HSE manager: mkt
DEBUG 2025-02-25 22:57:52,232 views 1916 12472 Notification created successfully for HSE manager: mkt
INFO 2025-02-25 22:57:52,232 views 1916 12472 Returning success response for AJAX request by user mkt
INFO 2025-02-25 22:57:53,806 views 1916 12472 GET request received from user mkt
